// Jest Snapshot v1, https://goo.gl/fbAQLP

exports[`Boardコンポーネントのテスト snapshot 1`] = `
<Board
  onClick={[Function]}
  squares={
    Array [
      "X",
      "O",
      null,
      null,
      null,
      null,
      null,
      null,
      null,
    ]
  }
>
  <div>
    <div
      className="board-row"
    >
      <Square
        data-index="0"
        onClick={[Function]}
        value="X"
      >
        <button
          className="square"
          onClick={[Function]}
        >
          X
        </button>
      </Square>
      <Square
        data-index="1"
        onClick={[Function]}
        value="O"
      >
        <button
          className="square"
          onClick={[Function]}
        >
          O
        </button>
      </Square>
      <Square
        data-index="2"
        onClick={[Function]}
        value={null}
      >
        <button
          className="square"
          onClick={[Function]}
        />
      </Square>
    </div>
    <div
      className="board-row"
    >
      <Square
        data-index="3"
        onClick={[Function]}
        value={null}
      >
        <button
          className="square"
          onClick={[Function]}
        />
      </Square>
      <Square
        data-index="4"
        onClick={[Function]}
        value={null}
      >
        <button
          className="square"
          onClick={[Function]}
        />
      </Square>
      <Square
        data-index="5"
        onClick={[Function]}
        value={null}
      >
        <button
          className="square"
          onClick={[Function]}
        />
      </Square>
    </div>
    <div
      className="board-row"
    >
      <Square
        data-index="6"
        onClick={[Function]}
        value={null}
      >
        <button
          className="square"
          onClick={[Function]}
        />
      </Square>
      <Square
        data-index="7"
        onClick={[Function]}
        value={null}
      >
        <button
          className="square"
          onClick={[Function]}
        />
      </Square>
      <Square
        data-index="8"
        onClick={[Function]}
        value={null}
      >
        <button
          className="square"
          onClick={[Function]}
        />
      </Square>
    </div>
  </div>
</Board>
`;
